**修正が必要です。** 提示された抽出事実だけを基準にすると、次の問題があります。

- **スライド1・2・5／記事タイトル・冒頭**
  - 該当：「更新を止めた端末は更新が届かなくなる」「古いまま」「サポート中・未更新」「更新を止めている端末……は、期限を過ぎると……あらゆる更新を受け取れなくなります」
  - **正しい内容：** 接続できなくなるのは、証明書更新に必要な更新を適用していない対象端末です。必要な更新を適用済みなら、その後に更新を止めたことだけを理由に接続不能になるとは書かれていません。Windows 11 25H2以降は対応不要、WSUSから更新を受け取る端末は対象外です。「必要な証明書更新を適用していない対象端末は、期限後にWindows Updateへ接続できなくなる」としてください。

- **スライド3**
  - 該当：「古い端末は自分で入れる」
  - **正しい内容：** 古い・未更新のWindowsには、バージョンに応じた対応が必要です。サポート中なら必要な更新を適用し、サポート切れならサポート中の版へのアップグレードが推奨されています。更新は管理ツールでも配布でき、手動導入が必須とは書かれていません。

- **スライド4／記事「要点5つ」3項目目**
  - 該当：「6月19日まで」「5月17日まで」
  - **正しい内容：** 原文はそれぞれ **2027年6月19日より前／2027年5月17日より前**です。「まで」は当日も含むため、厳密には期限の表現が異なります。

- **記事「要点5つ」3項目目**
  - 該当：「Windows 10 Enterprise 2019 LTSC・Windows Server 2019・Windows Server 2016 は2026年7月以降の更新」
  - **正しい内容：** **2026年7月のWindowsセキュリティ更新、またはそれ以降の更新**です。単に「更新」とすると、任意の更新で要件を満たすように読めます。

- **記事「要点5つ」4項目目**
  - 該当：「サポート中のバージョンへアップグレードするしかありません」
  - **正しい内容：** Microsoftは、サポート中のバージョンへのアップグレードを推奨しています。抽出事実は「唯一の手段」とまでは断定していません。「アップグレードが推奨されています」としてください。

- **記事「要点5つ」4項目目**
  - 該当：「更新が止まっているだけの端末は……必要な更新を配れば間に合います」
  - **正しい内容：** この対処は、**サポート中で必要な更新を未適用の端末**について説明されています。期限後もMicrosoft Updateカタログから直接ダウンロードしてインストールするか、管理ツールで配布できます。「間に合います」は実施時期を問わない保証になるため避けてください。

- **スライド6**
  - 該当：「WSUS 配下は対象外」
  - **正しい内容：** 対象外なのは **WSUSから更新を受け取る端末**です。後続の説明は正確ですが、見出しも同じ条件に合わせてください。

- **スライド7**
  - 該当：「アップグレード計画を、2027年5月より前に立てる」
  - **正しい内容：** 公式の推奨は、2027年5月・6月の証明書期限切れ前にアップグレード計画を作成することです。「5月より前」は独自に前倒しした目標です。安全側の提案としては問題ありませんが、公式期限とは区別してください。

- **記事の共同執筆表記／末尾のEbi Workspace・Ebi Agent Chat Relay・Ebi Study紹介**
  - 該当：執筆・確認の実施、製品の対応範囲・販売、旧称・名称移行、サイトの内容・登録不要という説明。
  - **正しい内容：** これらを裏付ける情報は、提示された抽出事実にありません。**事実誤認とは判定できませんが、この基準では検証不能**です。

証明書の失効日、スライド4のOS別更新年月と期限の対応、スライド5のカタログ・管理ツールによる対処は、上記の条件・表現を除いて抽出事実と一致しています。
